2026-04-30 13:47:56,007 [main] INFO BaseTest.setUP - Test Execution Started
2026-04-30 13:47:56,009 [main] INFO BaseTest.setUP - Successfully loaded browser configuration: chrome
2026-04-30 13:47:57,058 [main] INFO BaseTest.setUP - Tests Running in chrome browser. Version: 147.0.7727.138. Driver Version: ChromeDriver 147.0.7727.137. OS: Windows 11
2026-04-30 13:47:57,170 [main] INFO BaseTest.setUP - Browser window maximized
2026-04-30 13:47:57,179 [main] INFO BaseTest.setUP - Browser cookies deleted
2026-04-30 13:47:57,182 [main] INFO TestData.<init> - Initializing TestData with staging environment...
2026-04-30 13:47:57,182 [main] INFO TestData.<init> - Successfully loaded TestData for staging environment
2026-04-30 13:48:00,340 [main] INFO BaseTest.logURL - Navigated to test URL: https://rahulshettyacademy.com/seleniumPractise/#/
2026-04-30 13:48:00,344 [main] INFO Waits.waitForVisibilityOf - Waiting for up to 10 seconds for 'Top Deals Button' element to be visible
2026-04-30 13:48:00,389 [main] INFO Waits.waitForVisibilityOf - Top Deals Button element is visible after waiting 0.044 seconds
2026-04-30 13:48:00,389 [main] INFO ProductCatalog.clickTopDeals - Clicking the Top Deals Button
2026-04-30 13:48:00,520 [main] INFO ElementActions.switchTab - Switched to child window
2026-04-30 13:48:00,520 [main] INFO Waits.waitForVisibilityOf - Waiting for up to 10 seconds for 'Column Header' element to be visible
2026-04-30 13:48:01,294 [main] INFO Waits.waitForVisibilityOf - Column Header element is visible after waiting 0.774 seconds
2026-04-30 13:48:01,375 [main] INFO TopDeals.clickColumnHeader - Clicked column header: name 1 times
2026-04-30 13:48:01,375 [main] INFO Waits.waitForVisibilityOfAll - Waiting for up to 10 seconds for 'Names List' elements to be visible
2026-04-30 13:48:01,506 [main] INFO Waits.waitForVisibilityOfAll - Names List elements are visible after waiting 0.131 seconds
2026-04-30 13:48:01,567 [main] INFO Asserts.assertEquals - Assertion Passed: Expected '[Almond, Apple, Banana, Beans, Brinjal]', found '[Almond, Apple, Banana, Beans, Brinjal]'
2026-04-30 13:48:01,567 [main] INFO Waits.waitForVisibilityOf - Waiting for up to 10 seconds for 'Price Colummn Header' element to be visible
2026-04-30 13:48:01,610 [main] INFO Waits.waitForVisibilityOf - Price Colummn Header element is visible after waiting 0.043 seconds
2026-04-30 13:48:01,651 [main] INFO TopDeals.clickColumnHeader - Clicked column header: price 1 times
2026-04-30 13:48:01,651 [main] INFO Waits.waitForVisibilityOfAll - Waiting for up to 10 seconds for 'Prices List' elements to be visible
2026-04-30 13:48:01,808 [main] INFO Waits.waitForVisibilityOfAll - Prices List elements are visible after waiting 0.156 seconds
2026-04-30 13:48:01,872 [main] INFO Asserts.assertEquals - Assertion Passed: Expected '[23, 34, 34, 34, 37]', found '[23, 34, 34, 34, 37]'
2026-04-30 13:48:01,872 [main] INFO Waits.waitForVisibilityOf - Waiting for up to 10 seconds for 'Discount Column Header' element to be visible
2026-04-30 13:48:01,889 [main] INFO Waits.waitForVisibilityOf - Discount Column Header element is visible after waiting 0.017 seconds
2026-04-30 13:48:01,922 [main] INFO TopDeals.clickColumnHeader - Clicked column header: discount 1 times
2026-04-30 13:48:01,922 [main] INFO Waits.waitForVisibilityOfAll - Waiting for up to 10 seconds for 'Discount List' elements to be visible
2026-04-30 13:48:02,045 [main] INFO Waits.waitForVisibilityOfAll - Discount List elements are visible after waiting 0.123 seconds
2026-04-30 13:48:02,122 [main] INFO Asserts.assertEquals - Assertion Passed: Expected '[12, 12, 15, 20, 22]', found '[12, 12, 15, 20, 22]'
2026-04-30 13:48:02,177 [main] INFO ElementActions.closeTabsExceptSlug - Closing tab: https://rahulshettyacademy.com/seleniumPractise/#/offers
2026-04-30 13:48:02,876 [main] INFO BaseTest.logURL - Navigated to test URL: https://rahulshettyacademy.com/seleniumPractise/#/
2026-04-30 13:48:02,876 [main] INFO Waits.waitForVisibilityOf - Waiting for up to 10 seconds for 'Top Deals Button' element to be visible
2026-04-30 13:48:02,905 [main] INFO Waits.waitForVisibilityOf - Top Deals Button element is visible after waiting 0.028 seconds
2026-04-30 13:48:02,905 [main] INFO ProductCatalog.clickTopDeals - Clicking the Top Deals Button
2026-04-30 13:48:03,066 [main] INFO ElementActions.switchTab - Switched to child window
2026-04-30 13:48:03,066 [main] INFO Waits.waitForVisibilityOf - Waiting for up to 10 seconds for 'Column Header' element to be visible
2026-04-30 13:48:03,164 [main] INFO Waits.waitForVisibilityOf - Column Header element is visible after waiting 0.098 seconds
2026-04-30 13:48:03,231 [main] INFO Waits.waitForVisibilityOf - Waiting for up to 10 seconds for 'Column Header' element to be visible
2026-04-30 13:48:03,256 [main] INFO Waits.waitForVisibilityOf - Column Header element is visible after waiting 0.025 seconds
2026-04-30 13:48:03,319 [main] INFO TopDeals.clickColumnHeader - Clicked column header: name 2 times
2026-04-30 13:48:03,319 [main] INFO Waits.waitForVisibilityOfAll - Waiting for up to 10 seconds for 'Names List' elements to be visible
2026-04-30 13:48:03,522 [main] INFO Waits.waitForVisibilityOfAll - Names List elements are visible after waiting 0.203 seconds
2026-04-30 13:48:03,573 [main] INFO Asserts.assertEquals - Assertion Passed: Expected '[Wheat, Tomato, Strawberry, Rice, Potato]', found '[Wheat, Tomato, Strawberry, Rice, Potato]'
2026-04-30 13:48:03,573 [main] INFO Waits.waitForVisibilityOf - Waiting for up to 10 seconds for 'Price Colummn Header' element to be visible
2026-04-30 13:48:03,605 [main] INFO Waits.waitForVisibilityOf - Price Colummn Header element is visible after waiting 0.032 seconds
2026-04-30 13:48:03,638 [main] INFO Waits.waitForVisibilityOf - Waiting for up to 10 seconds for 'Price Colummn Header' element to be visible
2026-04-30 13:48:03,662 [main] INFO Waits.waitForVisibilityOf - Price Colummn Header element is visible after waiting 0.024 seconds
2026-04-30 13:48:03,688 [main] INFO TopDeals.clickColumnHeader - Clicked column header: price 2 times
2026-04-30 13:48:03,688 [main] INFO Waits.waitForVisibilityOfAll - Waiting for up to 10 seconds for 'Prices List' elements to be visible
2026-04-30 13:48:03,806 [main] INFO Waits.waitForVisibilityOfAll - Prices List elements are visible after waiting 0.118 seconds
2026-04-30 13:48:03,842 [main] INFO Asserts.assertEquals - Assertion Passed: Expected '[93, 93, 88, 87, 67]', found '[93, 93, 88, 87, 67]'
2026-04-30 13:48:03,842 [main] INFO Waits.waitForVisibilityOf - Waiting for up to 10 seconds for 'Discount Column Header' element to be visible
2026-04-30 13:48:03,858 [main] INFO Waits.waitForVisibilityOf - Discount Column Header element is visible after waiting 0.016 seconds
2026-04-30 13:48:03,888 [main] INFO Waits.waitForVisibilityOf - Waiting for up to 10 seconds for 'Discount Column Header' element to be visible
2026-04-30 13:48:03,911 [main] INFO Waits.waitForVisibilityOf - Discount Column Header element is visible after waiting 0.023 seconds
2026-04-30 13:48:03,939 [main] INFO TopDeals.clickColumnHeader - Clicked column header: discount 2 times
2026-04-30 13:48:03,939 [main] INFO Waits.waitForVisibilityOfAll - Waiting for up to 10 seconds for 'Discount List' elements to be visible
2026-04-30 13:48:04,063 [main] INFO Waits.waitForVisibilityOfAll - Discount List elements are visible after waiting 0.124 seconds
2026-04-30 13:48:04,105 [main] INFO Asserts.assertEquals - Assertion Passed: Expected '[88, 77, 60, 53, 46]', found '[88, 77, 60, 53, 46]'
2026-04-30 13:48:04,156 [main] INFO ElementActions.closeTabsExceptSlug - Closing tab: https://rahulshettyacademy.com/seleniumPractise/#/offers
2026-04-30 13:48:04,845 [main] INFO BaseTest.logURL - Navigated to test URL: https://rahulshettyacademy.com/seleniumPractise/#/
2026-04-30 13:48:04,845 [main] INFO Waits.waitForVisibilityOf - Waiting for up to 10 seconds for 'Top Deals Button' element to be visible
2026-04-30 13:48:04,862 [main] INFO Waits.waitForVisibilityOf - Top Deals Button element is visible after waiting 0.017 seconds
2026-04-30 13:48:04,862 [main] INFO ProductCatalog.clickTopDeals - Clicking the Top Deals Button
2026-04-30 13:48:05,053 [main] INFO ElementActions.switchTab - Switched to child window
2026-04-30 13:48:05,155 [main] INFO TopDeals.validateDate - Validating current date: 2026-04-30
2026-04-30 13:48:05,155 [main] INFO Asserts.assertEquals - Assertion Passed: Expected '2026-04-30', found '2026-04-30'
2026-04-30 13:48:05,155 [main] INFO Waits.waitForVisibilityOf - Waiting for up to 5 seconds for 'Calendar' element to be visible
2026-04-30 13:48:05,184 [main] INFO Waits.waitForVisibilityOf - Calendar element is visible after waiting 0.029 seconds
2026-04-30 13:48:08,590 [main] INFO TopDeals.validateDate - Navigated to calendar month-year: August 2030
2026-04-30 13:48:08,590 [main] INFO Waits.waitForVisibilityOfAll - Waiting for up to 5 seconds for 'Calendar Days' elements to be visible
2026-04-30 13:48:09,304 [main] INFO Waits.waitForVisibilityOfAll - Calendar Days elements are visible after waiting 0.714 seconds
2026-04-30 13:48:09,374 [main] INFO TopDeals.validateDate - Validating calendar date: August 2030-01
2026-04-30 13:48:09,406 [main] INFO Asserts.assertEquals - Assertion Passed: Expected '2030-08-01', found '2030-08-01'
2026-04-30 13:48:09,460 [main] INFO ElementActions.closeTabsExceptSlug - Closing tab: https://rahulshettyacademy.com/seleniumPractise/#/offers
2026-04-30 13:48:09,692 [main] INFO BaseTest.tearDown - Browser session closed successfully
